------------------------------------------------------------
Timing Analyzer Summary
------------------------------------------------------------

Type  : Slow 1200mV 85C Model Setup 'CLOCK_50'
Slack : -3.899
TNS   : -798.636

Type  : Slow 1200mV 85C Model Hold 'CLOCK_50'
Slack : 0.329
TNS   : 0.000

Type  : Slow 1200mV 85C Model Recovery 'CLOCK_50'
Slack : -0.678
TNS   : -6.372

Type  : Slow 1200mV 85C Model Removal 'CLOCK_50'
Slack : 0.980
TNS   : 0.000

Type  : Slow 1200mV 85C Model Minimum Pulse Width 'CLOCK_50'
Slack : -3.000
TNS   : -405.661

Type  : Slow 1200mV 0C Model Setup 'CLOCK_50'
Slack : -3.509
TNS   : -712.737

Type  : Slow 1200mV 0C Model Hold 'CLOCK_50'
Slack : 0.295
TNS   : 0.000

Type  : Slow 1200mV 0C Model Recovery 'CLOCK_50'
Slack : -0.529
TNS   : -4.654

Type  : Slow 1200mV 0C Model Removal 'CLOCK_50'
Slack : 0.908
TNS   : 0.000

Type  : Slow 1200mV 0C Model Minimum Pulse Width 'CLOCK_50'
Slack : -3.000
TNS   : -405.661

Type  : Fast 1200mV 0C Model Setup 'CLOCK_50'
Slack : -1.070
TNS   : -175.903

Type  : Fast 1200mV 0C Model Hold 'CLOCK_50'
Slack : 0.144
TNS   : 0.000

Type  : Fast 1200mV 0C Model Recovery 'CLOCK_50'
Slack : 0.253
TNS   : 0.000

Type  : Fast 1200mV 0C Model Removal 'CLOCK_50'
Slack : 0.411
TNS   : 0.000

Type  : Fast 1200mV 0C Model Minimum Pulse Width 'CLOCK_50'
Slack : -3.000
TNS   : -300.791

------------------------------------------------------------
